
> business-site@0.1.0 build
> next build --turbopack

   Ôû▓ Next.js 15.5.4 (Turbopack)

   Creating an optimized production build ...
 Ô£ô Finished writing to disk in 709ms
 Ô£ô Compiled successfully in 4.4s
   Linting and checking validity of types ...

./src/app/suporte/page.tsx
4:17  Warning: 'useState' is defined but never used.  @typescript-eslint/no-unused-vars
14:6  Warning: 'SubmitState' is defined but never used.  @typescript-eslint/no-unused-vars

info  - Need to disable some ESLint rules? Learn more here: https://nextjs.org/docs/app/api-reference/config/eslint#disabling-rules
   Collecting page data ...
   Generating static pages (0/8) ...
   Generating static pages (2/8) 
   Generating static pages (4/8) 
   Generating static pages (6/8) 
 Ô£ô Generating static pages (8/8)
   Finalizing page optimization ...
   Collecting build traces ...

Route (app)                         Size  First Load JS
Ôöî Ôùï /                            8.03 kB         122 kB
Ôö£ Ôùï /_not-found                      0 B         114 kB
Ôö£ Ôùï /android                     8.25 kB         122 kB
Ôö£ Ôùï /suporte                     9.85 kB         124 kB
Ôöö Ôùï /web                         5.29 kB         119 kB
+ First Load JS shared by all     115 kB
  Ôö£ chunks/150316a471952cee.js   59.2 kB
  Ôö£ chunks/5564f493499345f1.js   24.1 kB
  Ôö£ chunks/8082ab48faca5ea1.js   17.2 kB
  Ôöö other shared chunks (total)  14.6 kB


Ôùï  (Static)  prerendered as static content

